 This is a test file. This is a test file
